[
  {
    "incoming_image_name": "244531986313.dkr.ecr.eu-central-1.amazonaws.com/nginx:fa32058@sha256:0fd1eae4a2ab75d4d08106f86af3945a9e95b60693a4b9e4e44b59cc5887fdd1",
    "incoming_fingerprint": "0fd1eae4a2ab75d4d08106f86af3945a9e95b60693a4b9e4e44b59cc5887fdd1",
    "incoming_repo_url": "https://github.com/cyber-dojo/nginx",
    "incoming_repo_name": "nginx",
    "incoming_commit_sha": "fa32058a046015786d1589e16af7da0973f2e726",
    "incoming_flow": "nginx-ci",
    "outgoing_image_name": "244531986313.dkr.ecr.eu-central-1.amazonaws.com/nginx:e92d83d@sha256:0f803b05be83006c77e8c371b1f999eaabfb2feca9abef64332633362b36ca94",
    "outgoing_fingerprint": "0f803b05be83006c77e8c371b1f999eaabfb2feca9abef64332633362b36ca94",
    "outgoing_repo_url": "https://github.com/cyber-dojo/nginx",
    "outgoing_repo_name": "nginx",
    "outgoing_commit_sha": "e92d83d1bf0b1de46205d5e19131f1cee2b6b3da",
    "outgoing_flow": "nginx-ci",
    "deployment_diff_url": "https://github.com/cyber-dojo/nginx/compare/e92d83d1bf0b1de46205d5e19131f1cee2b6b3da...fa32058a046015786d1589e16af7da0973f2e726"
  },
  {
    "incoming_image_name": "244531986313.dkr.ecr.eu-central-1.amazonaws.com/web:ed1878b@sha256:337fa91d02fa59729aca2941bbfebf999d1c5ae74b1492a4c99a33a925c7f052",
    "incoming_fingerprint": "337fa91d02fa59729aca2941bbfebf999d1c5ae74b1492a4c99a33a925c7f052",
    "incoming_repo_url": "https://github.com/cyber-dojo/web",
    "incoming_repo_name": "web",
    "incoming_commit_sha": "ed1878bd4aba3cada1e6ae7bc510f6354c61c484",
    "incoming_flow": "web-ci",
    "outgoing_image_name": "244531986313.dkr.ecr.eu-central-1.amazonaws.com/web:7645ee7@sha256:49cfb0d0696a9934e408ff20eaeea17ba87924ea520963be2021134814a086cc",
    "outgoing_fingerprint": "49cfb0d0696a9934e408ff20eaeea17ba87924ea520963be2021134814a086cc",
    "outgoing_repo_url": "https://github.com/cyber-dojo/web",
    "outgoing_repo_name": "web",
    "outgoing_commit_sha": "7645ee70706ad259c6367b97946edb10d00815a0",
    "outgoing_flow": "web-ci",
    "deployment_diff_url": "https://github.com/cyber-dojo/web/compare/7645ee70706ad259c6367b97946edb10d00815a0...ed1878bd4aba3cada1e6ae7bc510f6354c61c484"
  }
]
