ERROR: A blue-green deployment is in progress in aws-beta#4754
ERROR: For nginx-ci
