ERROR: A blue-green deployment is in progress in aws-prod#4754
ERROR: For nginx-ci
